// Jest Snapshot v1, https://goo.gl/fbAQLP

exports[`Mission Mission should render correctly 1`] = `
Object {
  "asFragment": [Function],
  "baseElement": <body>
    <div>
      <section
        class="m-5 d-flex justify-content-around"
      >
        <table
          class="table align-middle table-bordered table-striped w-auto"
        >
          <thead
            class=""
          >
            <tr>
              <th
                scope="col"
              >
                Mission
              </th>
              <th
                scope="col"
              >
                Description
              </th>
              <th
                scope="col"
              >
                Status
              </th>
              <th
                scope="col"
              >
                 
              </th>
            </tr>
          </thead>
          <tbody
            class=""
          >
            <tr>
              <td
                class="fw-bold align-top"
              >
                Thaicom
              </td>
              <td>
                Thaicom is the name of a series of communications satellites operated from Thailand, and also the name of Thaicom Public Company Limited, which is the company that owns and operates the Thaicom satellite fleet and other telecommunication businesses in Thailand and throughout the Asia-Pacific region. The satellite projects were named Thaicom by the King of Thailand, His Majesty the King Bhumibol Adulyadej, as a symbol of the linkage between Thailand and modern communications technology.
              </td>
              <td>
                <button
                  class="ripple ripple-surface btn btn-dark btn-sm text-nowrap"
                  disabled=""
                  role="button"
                >
                  NOT A MEMBER
                </button>
              </td>
              <td>
                <button
                  class="btn btn-outline-dark text-nowrap"
                  type="button"
                >
                  Join Mission
                </button>
              </td>
            </tr>
          </tbody>
        </table>
      </section>
    </div>
  </body>,
  "container": <div>
    <section
      class="m-5 d-flex justify-content-around"
    >
      <table
        class="table align-middle table-bordered table-striped w-auto"
      >
        <thead
          class=""
        >
          <tr>
            <th
              scope="col"
            >
              Mission
            </th>
            <th
              scope="col"
            >
              Description
            </th>
            <th
              scope="col"
            >
              Status
            </th>
            <th
              scope="col"
            >
               
            </th>
          </tr>
        </thead>
        <tbody
          class=""
        >
          <tr>
            <td
              class="fw-bold align-top"
            >
              Thaicom
            </td>
            <td>
              Thaicom is the name of a series of communications satellites operated from Thailand, and also the name of Thaicom Public Company Limited, which is the company that owns and operates the Thaicom satellite fleet and other telecommunication businesses in Thailand and throughout the Asia-Pacific region. The satellite projects were named Thaicom by the King of Thailand, His Majesty the King Bhumibol Adulyadej, as a symbol of the linkage between Thailand and modern communications technology.
            </td>
            <td>
              <button
                class="ripple ripple-surface btn btn-dark btn-sm text-nowrap"
                disabled=""
                role="button"
              >
                NOT A MEMBER
              </button>
            </td>
            <td>
              <button
                class="btn btn-outline-dark text-nowrap"
                type="button"
              >
                Join Mission
              </button>
            </td>
          </tr>
        </tbody>
      </table>
    </section>
  </div>,
  "debug": [Function],
  "findAllByAltText": [Function],
  "findAllByDisplayValue": [Function],
  "findAllByLabelText": [Function],
  "findAllByPlaceholderText": [Function],
  "findAllByRole": [Function],
  "findAllByTestId": [Function],
  "findAllByText": [Function],
  "findAllByTitle": [Function],
  "findByAltText": [Function],
  "findByDisplayValue": [Function],
  "findByLabelText": [Function],
  "findByPlaceholderText": [Function],
  "findByRole": [Function],
  "findByTestId": [Function],
  "findByText": [Function],
  "findByTitle": [Function],
  "getAllByAltText": [Function],
  "getAllByDisplayValue": [Function],
  "getAllByLabelText": [Function],
  "getAllByPlaceholderText": [Function],
  "getAllByRole": [Function],
  "getAllByTestId": [Function],
  "getAllByText": [Function],
  "getAllByTitle": [Function],
  "getByAltText": [Function],
  "getByDisplayValue": [Function],
  "getByLabelText": [Function],
  "getByPlaceholderText": [Function],
  "getByRole": [Function],
  "getByTestId": [Function],
  "getByText": [Function],
  "getByTitle": [Function],
  "queryAllByAltText": [Function],
  "queryAllByDisplayValue": [Function],
  "queryAllByLabelText": [Function],
  "queryAllByPlaceholderText": [Function],
  "queryAllByRole": [Function],
  "queryAllByTestId": [Function],
  "queryAllByText": [Function],
  "queryAllByTitle": [Function],
  "queryByAltText": [Function],
  "queryByDisplayValue": [Function],
  "queryByLabelText": [Function],
  "queryByPlaceholderText": [Function],
  "queryByRole": [Function],
  "queryByTestId": [Function],
  "queryByText": [Function],
  "queryByTitle": [Function],
  "rerender": [Function],
  "unmount": [Function],
}
`;

exports[`Mission Missions should render correctly 1`] = `
Object {
  "asFragment": [Function],
  "baseElement": <body>
    <div>
      <section
        class="m-5 d-flex justify-content-around"
      >
        <table
          class="table align-middle table-bordered table-striped w-auto"
        >
          <thead
            class=""
          >
            <tr>
              <th
                scope="col"
              >
                Mission
              </th>
              <th
                scope="col"
              >
                Description
              </th>
              <th
                scope="col"
              >
                Status
              </th>
              <th
                scope="col"
              >
                 
              </th>
            </tr>
          </thead>
          <tbody
            class=""
          >
            <tr>
              <td
                class="fw-bold align-top"
              >
                Thaicom
              </td>
              <td>
                Thaicom is the name of a series of communications satellites operated from Thailand, and also the name of Thaicom Public Company Limited, which is the company that owns and operates the Thaicom satellite fleet and other telecommunication businesses in Thailand and throughout the Asia-Pacific region. The satellite projects were named Thaicom by the King of Thailand, His Majesty the King Bhumibol Adulyadej, as a symbol of the linkage between Thailand and modern communications technology.
              </td>
              <td>
                <button
                  class="ripple ripple-surface btn btn-dark btn-sm text-nowrap"
                  disabled=""
                  role="button"
                >
                  NOT A MEMBER
                </button>
              </td>
              <td>
                <button
                  class="btn btn-outline-dark text-nowrap"
                  type="button"
                >
                  Join Mission
                </button>
              </td>
            </tr>
          </tbody>
        </table>
      </section>
    </div>
  </body>,
  "container": <div>
    <section
      class="m-5 d-flex justify-content-around"
    >
      <table
        class="table align-middle table-bordered table-striped w-auto"
      >
        <thead
          class=""
        >
          <tr>
            <th
              scope="col"
            >
              Mission
            </th>
            <th
              scope="col"
            >
              Description
            </th>
            <th
              scope="col"
            >
              Status
            </th>
            <th
              scope="col"
            >
               
            </th>
          </tr>
        </thead>
        <tbody
          class=""
        >
          <tr>
            <td
              class="fw-bold align-top"
            >
              Thaicom
            </td>
            <td>
              Thaicom is the name of a series of communications satellites operated from Thailand, and also the name of Thaicom Public Company Limited, which is the company that owns and operates the Thaicom satellite fleet and other telecommunication businesses in Thailand and throughout the Asia-Pacific region. The satellite projects were named Thaicom by the King of Thailand, His Majesty the King Bhumibol Adulyadej, as a symbol of the linkage between Thailand and modern communications technology.
            </td>
            <td>
              <button
                class="ripple ripple-surface btn btn-dark btn-sm text-nowrap"
                disabled=""
                role="button"
              >
                NOT A MEMBER
              </button>
            </td>
            <td>
              <button
                class="btn btn-outline-dark text-nowrap"
                type="button"
              >
                Join Mission
              </button>
            </td>
          </tr>
        </tbody>
      </table>
    </section>
  </div>,
  "debug": [Function],
  "findAllByAltText": [Function],
  "findAllByDisplayValue": [Function],
  "findAllByLabelText": [Function],
  "findAllByPlaceholderText": [Function],
  "findAllByRole": [Function],
  "findAllByTestId": [Function],
  "findAllByText": [Function],
  "findAllByTitle": [Function],
  "findByAltText": [Function],
  "findByDisplayValue": [Function],
  "findByLabelText": [Function],
  "findByPlaceholderText": [Function],
  "findByRole": [Function],
  "findByTestId": [Function],
  "findByText": [Function],
  "findByTitle": [Function],
  "getAllByAltText": [Function],
  "getAllByDisplayValue": [Function],
  "getAllByLabelText": [Function],
  "getAllByPlaceholderText": [Function],
  "getAllByRole": [Function],
  "getAllByTestId": [Function],
  "getAllByText": [Function],
  "getAllByTitle": [Function],
  "getByAltText": [Function],
  "getByDisplayValue": [Function],
  "getByLabelText": [Function],
  "getByPlaceholderText": [Function],
  "getByRole": [Function],
  "getByTestId": [Function],
  "getByText": [Function],
  "getByTitle": [Function],
  "queryAllByAltText": [Function],
  "queryAllByDisplayValue": [Function],
  "queryAllByLabelText": [Function],
  "queryAllByPlaceholderText": [Function],
  "queryAllByRole": [Function],
  "queryAllByTestId": [Function],
  "queryAllByText": [Function],
  "queryAllByTitle": [Function],
  "queryByAltText": [Function],
  "queryByDisplayValue": [Function],
  "queryByLabelText": [Function],
  "queryByPlaceholderText": [Function],
  "queryByRole": [Function],
  "queryByTestId": [Function],
  "queryByText": [Function],
  "queryByTitle": [Function],
  "rerender": [Function],
  "unmount": [Function],
}
`;

exports[`Missions Missions page should render correctly 1`] = `
Object {
  "asFragment": [Function],
  "baseElement": <body>
    <div>
      <section
        class="m-5 d-flex justify-content-around"
      >
        <table
          class="table align-middle table-bordered table-striped w-auto"
        >
          <thead
            class=""
          >
            <tr>
              <th
                scope="col"
              >
                Mission
              </th>
              <th
                scope="col"
              >
                Description
              </th>
              <th
                scope="col"
              >
                Status
              </th>
              <th
                scope="col"
              >
                 
              </th>
            </tr>
          </thead>
          <tbody
            class=""
          >
            <tr>
              <td
                class="fw-bold align-top"
              >
                Thaicom
              </td>
              <td>
                Thaicom is the name of a series of communications satellites operated from Thailand, and also the name of Thaicom Public Company Limited, which is the company that owns and operates the Thaicom satellite fleet and other telecommunication businesses in Thailand and throughout the Asia-Pacific region. The satellite projects were named Thaicom by the King of Thailand, His Majesty the King Bhumibol Adulyadej, as a symbol of the linkage between Thailand and modern communications technology.
              </td>
              <td>
                <button
                  class="ripple ripple-surface btn btn-dark btn-sm text-nowrap"
                  disabled=""
                  role="button"
                >
                  NOT A MEMBER
                </button>
              </td>
              <td>
                <button
                  class="btn btn-outline-dark text-nowrap"
                  type="button"
                >
                  Join Mission
                </button>
              </td>
            </tr>
          </tbody>
        </table>
      </section>
    </div>
  </body>,
  "container": <div>
    <section
      class="m-5 d-flex justify-content-around"
    >
      <table
        class="table align-middle table-bordered table-striped w-auto"
      >
        <thead
          class=""
        >
          <tr>
            <th
              scope="col"
            >
              Mission
            </th>
            <th
              scope="col"
            >
              Description
            </th>
            <th
              scope="col"
            >
              Status
            </th>
            <th
              scope="col"
            >
               
            </th>
          </tr>
        </thead>
        <tbody
          class=""
        >
          <tr>
            <td
              class="fw-bold align-top"
            >
              Thaicom
            </td>
            <td>
              Thaicom is the name of a series of communications satellites operated from Thailand, and also the name of Thaicom Public Company Limited, which is the company that owns and operates the Thaicom satellite fleet and other telecommunication businesses in Thailand and throughout the Asia-Pacific region. The satellite projects were named Thaicom by the King of Thailand, His Majesty the King Bhumibol Adulyadej, as a symbol of the linkage between Thailand and modern communications technology.
            </td>
            <td>
              <button
                class="ripple ripple-surface btn btn-dark btn-sm text-nowrap"
                disabled=""
                role="button"
              >
                NOT A MEMBER
              </button>
            </td>
            <td>
              <button
                class="btn btn-outline-dark text-nowrap"
                type="button"
              >
                Join Mission
              </button>
            </td>
          </tr>
        </tbody>
      </table>
    </section>
  </div>,
  "debug": [Function],
  "findAllByAltText": [Function],
  "findAllByDisplayValue": [Function],
  "findAllByLabelText": [Function],
  "findAllByPlaceholderText": [Function],
  "findAllByRole": [Function],
  "findAllByTestId": [Function],
  "findAllByText": [Function],
  "findAllByTitle": [Function],
  "findByAltText": [Function],
  "findByDisplayValue": [Function],
  "findByLabelText": [Function],
  "findByPlaceholderText": [Function],
  "findByRole": [Function],
  "findByTestId": [Function],
  "findByText": [Function],
  "findByTitle": [Function],
  "getAllByAltText": [Function],
  "getAllByDisplayValue": [Function],
  "getAllByLabelText": [Function],
  "getAllByPlaceholderText": [Function],
  "getAllByRole": [Function],
  "getAllByTestId": [Function],
  "getAllByText": [Function],
  "getAllByTitle": [Function],
  "getByAltText": [Function],
  "getByDisplayValue": [Function],
  "getByLabelText": [Function],
  "getByPlaceholderText": [Function],
  "getByRole": [Function],
  "getByTestId": [Function],
  "getByText": [Function],
  "getByTitle": [Function],
  "queryAllByAltText": [Function],
  "queryAllByDisplayValue": [Function],
  "queryAllByLabelText": [Function],
  "queryAllByPlaceholderText": [Function],
  "queryAllByRole": [Function],
  "queryAllByTestId": [Function],
  "queryAllByText": [Function],
  "queryAllByTitle": [Function],
  "queryByAltText": [Function],
  "queryByDisplayValue": [Function],
  "queryByLabelText": [Function],
  "queryByPlaceholderText": [Function],
  "queryByRole": [Function],
  "queryByTestId": [Function],
  "queryByText": [Function],
  "queryByTitle": [Function],
  "rerender": [Function],
  "unmount": [Function],
}
`;

exports[`Missions Missions should render correctly 1`] = `
Object {
  "asFragment": [Function],
  "baseElement": <body>
    <div>
      <section
        class="m-5 d-flex justify-content-around"
      >
        <table
          class="table align-middle table-bordered table-striped w-auto"
        >
          <thead
            class=""
          >
            <tr>
              <th
                scope="col"
              >
                Mission
              </th>
              <th
                scope="col"
              >
                Description
              </th>
              <th
                scope="col"
              >
                Status
              </th>
              <th
                scope="col"
              >
                 
              </th>
            </tr>
          </thead>
          <tbody
            class=""
          >
            <tr>
              <td
                class="fw-bold align-top"
              >
                Thaicom
              </td>
              <td>
                Thaicom is the name of a series of communications satellites operated from Thailand, and also the name of Thaicom Public Company Limited, which is the company that owns and operates the Thaicom satellite fleet and other telecommunication businesses in Thailand and throughout the Asia-Pacific region. The satellite projects were named Thaicom by the King of Thailand, His Majesty the King Bhumibol Adulyadej, as a symbol of the linkage between Thailand and modern communications technology.
              </td>
              <td>
                <button
                  class="ripple ripple-surface btn btn-dark btn-sm text-nowrap"
                  disabled=""
                  role="button"
                >
                  NOT A MEMBER
                </button>
              </td>
              <td>
                <button
                  class="btn btn-outline-dark text-nowrap"
                  type="button"
                >
                  Join Mission
                </button>
              </td>
            </tr>
          </tbody>
        </table>
      </section>
    </div>
  </body>,
  "container": <div>
    <section
      class="m-5 d-flex justify-content-around"
    >
      <table
        class="table align-middle table-bordered table-striped w-auto"
      >
        <thead
          class=""
        >
          <tr>
            <th
              scope="col"
            >
              Mission
            </th>
            <th
              scope="col"
            >
              Description
            </th>
            <th
              scope="col"
            >
              Status
            </th>
            <th
              scope="col"
            >
               
            </th>
          </tr>
        </thead>
        <tbody
          class=""
        >
          <tr>
            <td
              class="fw-bold align-top"
            >
              Thaicom
            </td>
            <td>
              Thaicom is the name of a series of communications satellites operated from Thailand, and also the name of Thaicom Public Company Limited, which is the company that owns and operates the Thaicom satellite fleet and other telecommunication businesses in Thailand and throughout the Asia-Pacific region. The satellite projects were named Thaicom by the King of Thailand, His Majesty the King Bhumibol Adulyadej, as a symbol of the linkage between Thailand and modern communications technology.
            </td>
            <td>
              <button
                class="ripple ripple-surface btn btn-dark btn-sm text-nowrap"
                disabled=""
                role="button"
              >
                NOT A MEMBER
              </button>
            </td>
            <td>
              <button
                class="btn btn-outline-dark text-nowrap"
                type="button"
              >
                Join Mission
              </button>
            </td>
          </tr>
        </tbody>
      </table>
    </section>
  </div>,
  "debug": [Function],
  "findAllByAltText": [Function],
  "findAllByDisplayValue": [Function],
  "findAllByLabelText": [Function],
  "findAllByPlaceholderText": [Function],
  "findAllByRole": [Function],
  "findAllByTestId": [Function],
  "findAllByText": [Function],
  "findAllByTitle": [Function],
  "findByAltText": [Function],
  "findByDisplayValue": [Function],
  "findByLabelText": [Function],
  "findByPlaceholderText": [Function],
  "findByRole": [Function],
  "findByTestId": [Function],
  "findByText": [Function],
  "findByTitle": [Function],
  "getAllByAltText": [Function],
  "getAllByDisplayValue": [Function],
  "getAllByLabelText": [Function],
  "getAllByPlaceholderText": [Function],
  "getAllByRole": [Function],
  "getAllByTestId": [Function],
  "getAllByText": [Function],
  "getAllByTitle": [Function],
  "getByAltText": [Function],
  "getByDisplayValue": [Function],
  "getByLabelText": [Function],
  "getByPlaceholderText": [Function],
  "getByRole": [Function],
  "getByTestId": [Function],
  "getByText": [Function],
  "getByTitle": [Function],
  "queryAllByAltText": [Function],
  "queryAllByDisplayValue": [Function],
  "queryAllByLabelText": [Function],
  "queryAllByPlaceholderText": [Function],
  "queryAllByRole": [Function],
  "queryAllByTestId": [Function],
  "queryAllByText": [Function],
  "queryAllByTitle": [Function],
  "queryByAltText": [Function],
  "queryByDisplayValue": [Function],
  "queryByLabelText": [Function],
  "queryByPlaceholderText": [Function],
  "queryByRole": [Function],
  "queryByTestId": [Function],
  "queryByText": [Function],
  "queryByTitle": [Function],
  "rerender": [Function],
  "unmount": [Function],
}
`;
